[START] ts=2026-06-04T02:17:09Z milestone=DM9 preset=ltf-attended-v15 mode=deliberate
[INFO] head_at_recon=94f5f0211b9d2b4fb264abc81860c716fbc4556d kernel
[INFO] head_at_recon=d11e9416e9c59698681238d764d4e6f877239642 delaney
[INFO] preset_invoked: ltf-attended
[PHASE] start=orient ts=2026-06-04T02:17:09Z
[INFO] project=delaney mount="C:\\CC\\delaney" dashboard=_cowork/dashboard-delaney.json branch=main
[INFO] tier=2 impact=structural surface=mixed cascade=none
[GATE] context-tier-gate=proceed
[INFO] DM9_row_found at WBS/P2/DM9 status=proposed → flipping to inprogress
[INFO] cleanup_cap DM9 file-list mentions windows-ui/KidBlockUI/Views/DevicesGrid.xaml + ViewModels/DevicesViewModel.cs which DM8 already folded into MainWindow.xaml + DeviceRowViewModel.cs (per DM8 graduate-commit note); per-row commands + tooltips will edit MainWindow.xaml inline-DataGrid + DeviceRowViewModel.cs instead. No new file written for those; this is a doc/scope correction not a new edit.
[INFO] cleanup_cap kidblock-overrides.conf is a runtime state file at /config/scripts/kidblock-overrides.conf (persistent across reboots so boot-hook can restore unexpired entries; sibling of kidblock-macs.conf at SCRIPT_DIR). NOT shipped in repo as an empty file -- the script creates/manages it; repo carries only the script + boot-hook + README.
[INFO] DM9_row_flipped status=proposed -> inprogress last=2026-06-04T02:18:16Z via tfi-edit.py --rewrite on dashboard-delaney.json
[PHASE] start=work ts=2026-06-04T02:18:30Z
[INFO] router: rewrote router/kidblock.sh adding per-MAC override layer (apply_time_chain + read_overrides + prune_expired_overrides + write_override_row + remove_override_row + clear_all_override_rows + migrate_legacy_override + state_signature + human_summary + parse_override_args). Pre-DM9 cmd_block/cmd_allow now route through cmd_override --all 1440 (back-compat preserved). Reapply log-suppression via STATE_SIG_FILE comparison: idle ticks no longer spam the log. cmd_status output reshape: drops Current applied / Effective desired / Override active (pre-DM9 single-global surface), adds Summary + Per-MAC overrides section; new `status <MAC>` mode for single-MAC read.
[INFO] router: kidblock-init.sh boot hook updated with DM9 comment (mechanism already correct -- `kidblock.sh init` now runs cmd_reapply which calls migrate_legacy_override + prune_expired_overrides; no functional change to the boot wrapper).
[INFO] router: router/README.md rewritten -- added Per-MAC overrides section with precedence invariant (override > schedule > blocklist/whitelist), updated Files table to mention kidblock-overrides.conf, updated Commands section with per-MAC + bulk + back-compat verb signatures, removed stale "override-allow interaction with whitelist mode" section (its content folded into the precedence invariant which now covers all 4 mode x verb combinations).
[INFO] router: bash -n + 10-case smoke test on git-bash with iptables/ipset/killall stubbed verified all 7 acceptance bars (a)-(g) for the router side that are testable without live iptables (concurrent block+allow on different MACs coexist; expired entries prune at reapply; single-MAC status; back-compat no-MAC alias; clear-override single + --all + no-arg=--all; log-suppression on no-state-change ticks delta=0).
[INFO] discovery_unrelated_to_dm9 awk: "exp" is a reserved built-in (exponential function) -- using it as a variable name throws "syntax error" with a misleading column-pointer that lands on $4 instead of on exp itself. Renamed to "expiry" throughout. Worth filing as a substrate hazard pattern -- not delaney-specific, applies any time we author awk programs.
[INFO] discovery_unrelated_to_dm9 bash dynamic-scope variable leak: pre-DM9 helpers (apply_domain_rules, apply_whitelist_rules, migrate_legacy_override) used `mac` as a loop variable without `local`, which silently no-op'd if a caller's `local mac` existed in the dynamic scope. Pre-DM9 was safe because cmd_reapply didn't have a local mac; DM9's cmd_clear_override does. Fixed with explicit `local mac` declarations.
[INFO] ui: RouterClient.cs added OverrideEntry record + OverrideVerb enum + OverrideBlockAsync(mac,min)/OverrideAllowAsync(mac,min)/ClearOverrideAsync(mac)/OverrideBlockAllAsync(min)/OverrideAllowAllAsync(min)/ClearAllOverridesAsync()/GetOverrideStateAsync() + ParseOverrides() static parser. RouterConfig extended with OverridesConfPath = "/config/scripts/kidblock-overrides.conf" default. RouterState retains shape but ParseStatus stops parsing the now-removed Current applied / Effective desired / Override active fields (Schedule says now preserved). MainViewModel rewired: per-row commands invoke per-MAC verbs with name-honest confirm body; new BulkKillCommand/BulkAllowCommand/BulkClearCommand for the BulkActionBar; new OverridesSummary + HasActiveOverrides observable properties; RefreshAsync pivots from GetStatusAsync to GetOverrideStateAsync as the per-row state source.
[INFO] ui: DeviceRowViewModel added KillTooltip/AllowTooltip/ClearTooltip computed properties bound from MainWindow.xaml per-row buttons (replaces literal "Block ALL controlled devices..." router-wide text); OverrideMode/OverrideExpires re-documented as per-MAC (DM9) rather than router-wide-projected.
[INFO] ui: NEW Views/BulkActionBar.xaml + .xaml.cs -- horizontal strip with KILL ALL (red, confirm-gated)/ALLOW 30m ALL (green)/CLEAR ALL (gray) + "Overrides active: N of M devices" summary. MainWindow.xaml grid restructured from 3 rows to 4 (BulkActionBar Row=0 ColSpan=2; Devices Row=1; Schedule Row=2; LogTail Row=3); Domains pane RowSpan adjusted (1-2 instead of 0-1).
[INFO] ui: dotnet build to scratch ($env:TEMP\dm9-scratch) via PowerShell per feedback_studio_app_running_build_lock + feedback_boat_build_powershell -- 0 warnings / 0 errors.
[INFO] preflight: no delaney test project exists (Test-Blocking.ps1 is a manual SSH-driven harness, not a unit suite); router-side acceptance bars (e) boot-hook reboot survival + (h-n) UI live router interaction deferred to Adam's live verification after Install-Router-Scripts.ps1 push + KidBlockUI restart.
[INFO] sequence_check=no-change (no cluster in sequence-suggest.json contains DM9 or any DM-prefix row)
[INFO] findings_transport=none (no fresh discoveries warrant a `proposed` row; the two awk-reserved-word + bash-dynamic-scope notes above are unrelated to delaney and surfaced as in-sit-resolved bugs not new units of work)
[INFO] board_after_close=thin-deferred (delaney WBS empty post-graduate; no council brief child-manifest for delaney, matches DM8 precedent)
[PHASE] start=close ts=2026-06-04T02:55:00Z
[END] outcome=success

