[START] DM8 attended execute -- MainWindow layout rework + Devices column tuning + ScheduleTimeline row-labels ts=2026-06-04T00:22:21+00:00
[INFO] head_at_recon=937caecba8896e2f6b85e53b031cbb1f8975af6a
[INFO] preset_invoked: ltf-attended
[GATE] context-tier-gate=proceed cost_ms=0
[INFO] context-tier: mode=deliberate tier=1 (impact=cosmetic surface=ui cascade=none)
[INFO] status-flip: id=DM8, from=proposed, to=inprogress
[PHASE] start=orient ts=2026-06-04T00:22:21+00:00
[INFO] recon: PROJECT-MAP DM -> delaney mount=C:\CC\delaney dashboard=_cowork/dashboard-delaney.json remote=https://github.com/M000761/delaney.git branch=main
[INFO] tool-recon: tfi-edit.py kernel-tools-v1
[INFO] file-locate: MainWindow.xaml found; DevicesGrid.xaml not present (Devices DataGrid lives inline in MainWindow.xaml); ScheduleTimeline.xaml + .xaml.cs found
[INFO] design-recon: ScheduleTimeline currently single-track (all blocks render full-canvas-height; w.Days drawn as in-rect TextBlock at top-left). Milestone WHY requires multi-track row-per-profile layout. Refactor scope: Rebuild() subdivides canvas vertically by distinct Days values in discovery order; MakeBlockRect takes (rowTop, rowHeight); now-line + override-overlay span full canvas height (unchanged); new RebuildProfileLabels() draws labels in left-margin Canvas at row centers. DM2 click-on-canvas-to-add behaviour preserved by mapping click Y to profile row; new "*" block creation falls back to row 0 when no profiles yet exist. DM2 drag-mechanics unchanged (X-only). Days dialog edit unchanged.
[INFO] cleanup_cap: DevicesGrid.xaml does not exist; the Devices DataGrid lives inline in MainWindow.xaml -- column-width tuning folds into the MainWindow.xaml rewrite (same already-touched file, trivial attribute swaps, declared per Rule 4 predicate)
[PHASE] start=work ts=2026-06-04T00:27:35+00:00
[INFO] file-write: windows-ui/KidBlockUI/Views/MainWindow.xaml -- root DockPanel with Top: connection-status row, Bottom: status label row; middle 2col x 3row Grid: Row0/Col0 Devices border (BorderThickness 0,0,1,1 separates from Domains right + Schedule below); Row1/Col0 Schedule border (0,0,1,0 right border to Domains); Row0/RowSpan2/Col1 Domains border; Row2/ColSpan2 LogTailPanel. Column0 Width=* MinWidth=780; Column1 Width=280 MinWidth=220. DataGrid columns retuned in-place: Name Auto MinWidth=80 + MAC Auto MinWidth=150 + IP Auto MinWidth=120 + Mode Auto MinWidth=90 + Override Auto MinWidth=180 + Actions Auto MinWidth=160 + Last DHCP Width=* MinWidth=110. GridSplitter dropped (not in milestone body sample XAML); Log tail fixed Height=200 MinHeight=80.
[INFO] file-write: windows-ui/KidBlockUI/Views/ScheduleTimeline.xaml -- outer Grid expanded to 2 cols (Col0 Auto MinWidth=80 profile-label column, Col1 * timeline column) x 2 rows (Row0 * timeline, Row1 20 hour-axis). Left ProfileLabels Canvas in Col0/Row0 with Border thickness 1,1,0,1. Right Border with TimelineCanvas in Col1/Row0. HourAxis Canvas in Col1/Row1 (hour ticks render below timeline canvas only, not below labels column).
[INFO] file-write: windows-ui/KidBlockUI/Views/ScheduleTimeline.xaml.cs -- multi-track refactor. New field List<string> _profileOrder. Rebuild() now: clears _profileOrder, repopulates as distinct EditedSchedule[i].Days values in discovery order; rowCount=max(1, _profileOrder.Count); rowHeight=ActualHeight/rowCount; hour grid lines still span full canvas height; new row-separator lines at r*rowHeight for r in 1..rowCount-1 with RowSeparatorBrush; MakeBlockRect signature changed to (w, index, width, rowTop, rowHeight) -- block rect Top=rowTop+1 Height=rowHeight-2 (1px breathing); in-rect day-label TextBlock removed (now in left margin). RebuildProfileLabels() draws one TextBlock per profile row centered vertically with raw Days text (sat,sun or * etc). ProfileLabels_SizeChanged handler added. Now-line and override-overlay continue to span full canvas height (milestone WHY: "stays as today"). Click-on-canvas behaviour PRESERVED VERBATIM: new "*" block creation unchanged; if "*" not already in _profileOrder, OnCollectionChanged triggers Rebuild which adds "*" as new last profile row. Drag/right-click/double-click mechanics unchanged. Models/ScheduleWindow + Services/ScheduleSerializer untouched.
[INFO] build-verify: dotnet build KidBlockUI/KidBlockUI.csproj -c Debug -o $env:TEMP\dm8-scratch -- 0 Warning(s) 0 Error(s) Time Elapsed 00:00:01.87
[INFO] test-recon: solution KidBlockUI.sln contains only KidBlockUI project; no test project present (acceptance (a) "existing tests stay green" vacuously satisfied)
[INFO] acceptance-walk: (a) build 0/0 PASS; (b) Devices Grid.Row=0 Col=0 PASS; (c) Schedule Grid.Row=1 Col=0 PASS; (d) Domains Grid.Row=0 RowSpan=2 Col=1 PASS; (e) Log tail Grid.Row=2 ColSpan=2 PASS; (f) Actions Width=Auto MinWidth=160 auto-sizes to fit KILL+Allow30m+Clear at any window>=1200 PASS; (g) ProfileLabels Canvas in Col=0 Row=0 renders one label per profile via RebuildProfileLabels PASS; (h) HourAxis Canvas in Col=1 Row=1 below timeline only PASS; (i) DM2 drag/click/dialog mechanics preserved verbatim (only Y-position of rects changed) PASS; (j-m) DM3/4/5/6 surfaces unchanged (Override badge binding, LogTailPanel, DomainsControl, Mode column ToggleModeCommand all preserved verbatim) PASS.
[PHASE] start=close ts=2026-06-04T00:32:56+00:00
[INFO] findings_transport=none -- no categorical friction surfaced (no substrate quirk / tool surprise / preset conflict / failed-write recovery). The milestone's premise that the refactor was "only a label-position move" understated the multi-track shape the WHY required, but that is design-feedback not a discoveries.jsonl class.
[INFO] sequence_check=no-change -- DM8 not present in any sequence-suggest.json cluster
[INFO] board_after_close=thin-deferred -- delaney WBS holds only DM8 (4 phase nodes P1..P4 with no other ID-bearing rows; DM1..DM7 all graduated to milestones-done). Post-graduate available-set will be empty. Proposer-pass deferred: delaney's rolling wave is organically driven by Adam's screenshot/live-use feedback (DM8 itself was warm-ingested from the 2026-06-03 4-screenshot packet), not a council brief child-manifest -- there is no parked queue to promote from, and proposing absent fresh user signal violates [[feedback_dont_be_flippant]].

# Section-4 four-line report
Asked for:    MainWindow layout rework (Devices full-width top + Schedule below + Domains right rowspan + Log tail full-width bottom strip) plus Devices DataGrid column-width tuning (no KILL/Allow clip on the 98:59:7a:8b:a5:8d row) plus ScheduleTimeline weekly profile labels (sat,sun / mon-thu / fri-sun) move from top-of-canvas to left-margin row-label column.
Shipped:      MainWindow.xaml restructured to DockPanel (Top connection-status, Bottom status-label) wrapping a 2col x 3row Grid (Row0/Col0 Devices, Row1/Col0 Schedule, Row0+1/Col1 Domains, Row2/ColSpan2 Log tail); Devices DataGrid columns retuned in-place per milestone (Name/MAC/IP/Mode/Override/Actions Auto + MinWidths 80/150/120/90/180/160, Last DHCP Width=*); ScheduleTimeline multi-track refactor -- XAML adds left ProfileLabels canvas column (Auto MinWidth=80) + right TimelineCanvas column (*), code-behind subdivides canvas vertically by distinct EditedSchedule[i].Days values in discovery order, MakeBlockRect now positions each rect within its profile's row, RebuildProfileLabels draws one label per row centered vertically, now-line + override-overlay continue spanning full canvas height per milestone "as today", DM2 drag/click/dialog mechanics preserved verbatim, DM3/4/5/6 surfaces untouched; scratch-build to $env:TEMP\dm8-scratch clean (0 Warning(s) / 0 Error(s)).
Time went on: Recon of the actual single-track ScheduleTimeline.xaml.cs implementation vs the milestone's "labels move" framing -- the multi-track refactor required by the WHY ("labels read as row-labels") wasn't a 5-minute label relocate, it was a full Rebuild() + MakeBlockRect signature change. Shipping was the dominant leg; no overhead spike.
Next:         Adam visual-verify on next app launch (current running instance will pick up changes after dotnet build + restart). If the override-overlay row-awareness (per-device-profile yellow-tint instead of full-canvas) becomes desired daily-driver feedback, warm-ingest as DM9 -- needs an OverrideActiveProfile binding which doesn't exist yet.
[INFO] head_check_at_emit=error: head_at_recon_unresolvable sha=937caecba8896e2f6b85e53b031cbb1f8975af6a
